2025-10-16 09:32:39,181 INFO Set uid to user 0 succeeded
2025-10-16 09:32:39,184 INFO supervisord started with pid 1
2025-10-16 09:32:40,189 INFO spawned: 'nginx' with pid 7
2025-10-16 09:32:40,191 INFO spawned: 'php-fpm' with pid 8
2025-10-16 09:32:41,243 INFO success: nginx entered RUNNING state, process has stayed up for > than 1 seconds (startsecs)
2025-10-16 09:32:41,244 INFO success: php-fpm entered RUNNING state, process has stayed up for > than 1 seconds (startsecs)
2025-10-16 09:37:12,911 WARN received SIGQUIT indicating exit request
2025-10-16 09:37:12,911 INFO waiting for nginx, php-fpm to die
2025-10-16 09:37:12,921 INFO stopped: php-fpm (exit status 0)
2025-10-16 09:37:12,928 INFO stopped: nginx (exit status 0)
2025-10-16 09:40:25,989 INFO Set uid to user 0 succeeded
2025-10-16 09:40:25,992 INFO supervisord started with pid 1
2025-10-16 09:40:26,998 INFO spawned: 'nginx' with pid 7
2025-10-16 09:40:27,000 INFO spawned: 'php-fpm' with pid 8
2025-10-16 09:40:28,050 INFO success: nginx entered RUNNING state, process has stayed up for > than 1 seconds (startsecs)
2025-10-16 09:40:28,051 INFO success: php-fpm entered RUNNING state, process has stayed up for > than 1 seconds (startsecs)
2025-10-16 10:17:10,083 WARN received SIGQUIT indicating exit request
2025-10-16 10:17:10,084 INFO waiting for nginx, php-fpm to die
2025-10-16 10:17:10,107 INFO stopped: php-fpm (exit status 0)
2025-10-16 10:17:10,114 INFO stopped: nginx (exit status 0)
2025-10-17 09:20:06,685 INFO Set uid to user 0 succeeded
2025-10-17 09:20:06,708 INFO supervisord started with pid 1
2025-10-17 09:20:07,714 INFO spawned: 'nginx' with pid 7
2025-10-17 09:20:07,717 INFO spawned: 'php-fpm' with pid 8
2025-10-17 09:20:08,881 INFO success: nginx entered RUNNING state, process has stayed up for > than 1 seconds (startsecs)
2025-10-17 09:20:08,881 INFO success: php-fpm entered RUNNING state, process has stayed up for > than 1 seconds (startsecs)
2025-10-17 09:20:17,007 WARN received SIGQUIT indicating exit request
2025-10-17 09:20:17,007 INFO waiting for nginx, php-fpm to die
2025-10-17 09:20:17,022 INFO stopped: php-fpm (exit status 0)
2025-10-17 09:20:17,029 INFO stopped: nginx (exit status 0)
2025-10-17 10:56:21,660 INFO Set uid to user 0 succeeded
2025-10-17 10:56:21,665 INFO supervisord started with pid 1
2025-10-17 10:56:22,671 INFO spawned: 'nginx' with pid 7
2025-10-17 10:56:22,674 INFO spawned: 'php-fpm' with pid 8
2025-10-17 10:56:23,844 INFO success: nginx entered RUNNING state, process has stayed up for > than 1 seconds (startsecs)
2025-10-17 10:56:23,845 INFO success: php-fpm entered RUNNING state, process has stayed up for > than 1 seconds (startsecs)
2025-10-17 10:56:25,848 WARN received SIGQUIT indicating exit request
2025-10-17 10:56:25,848 INFO waiting for nginx, php-fpm to die
2025-10-17 10:56:25,859 INFO stopped: php-fpm (exit status 0)
2025-10-17 10:56:25,865 INFO stopped: nginx (exit status 0)
2025-10-17 10:57:05,069 INFO Set uid to user 0 succeeded
2025-10-17 10:57:05,073 INFO supervisord started with pid 1
2025-10-17 10:57:06,079 INFO spawned: 'nginx' with pid 7
2025-10-17 10:57:06,083 INFO spawned: 'php-fpm' with pid 8
2025-10-17 10:57:07,158 INFO success: nginx entered RUNNING state, process has stayed up for > than 1 seconds (startsecs)
2025-10-17 10:57:07,158 INFO success: php-fpm entered RUNNING state, process has stayed up for > than 1 seconds (startsecs)
2025-10-17 10:58:49,638 WARN received SIGQUIT indicating exit request
2025-10-17 10:58:49,638 INFO waiting for nginx, php-fpm to die
2025-10-17 10:59:31,489 INFO Set uid to user 0 succeeded
2025-10-17 10:59:31,493 INFO supervisord started with pid 1
2025-10-17 10:59:32,503 INFO spawned: 'nginx' with pid 7
2025-10-17 10:59:32,505 INFO spawned: 'php-fpm' with pid 8
2025-10-17 10:59:33,570 INFO success: nginx entered RUNNING state, process has stayed up for > than 1 seconds (startsecs)
2025-10-17 10:59:33,570 INFO success: php-fpm entered RUNNING state, process has stayed up for > than 1 seconds (startsecs)
2025-10-17 11:00:42,684 WARN received SIGQUIT indicating exit request
2025-10-17 11:00:42,689 INFO waiting for nginx, php-fpm to die
2025-10-17 11:00:42,709 INFO stopped: php-fpm (exit status 0)
2025-10-17 11:00:42,715 INFO stopped: nginx (exit status 0)
2025-10-18 05:55:26,959 INFO Set uid to user 0 succeeded
2025-10-18 05:55:26,979 INFO supervisord started with pid 1
2025-10-18 05:55:27,987 INFO spawned: 'nginx' with pid 7
2025-10-18 05:55:27,989 INFO spawned: 'php-fpm' with pid 8
2025-10-18 05:55:29,175 INFO success: nginx entered RUNNING state, process has stayed up for > than 1 seconds (startsecs)
2025-10-18 05:55:29,175 INFO success: php-fpm entered RUNNING state, process has stayed up for > than 1 seconds (startsecs)
